// Jest Snapshot v1, https://goo.gl/fbAQLP

exports[`TagWindowTest1 renders without crashing 1`] = `ShallowWrapper {}`;
