// Jest Snapshot v1, https://goo.gl/fbAQLP

exports[`AudioContainer renders without crashing 1`] = `ShallowWrapper {}`;
