// Jest Snapshot v1, https://goo.gl/fbAQLP

exports[`LoginScreen renders without crashing 1`] = `ShallowWrapper {}`;
