// Jest Snapshot v1, https://goo.gl/fbAQLP

exports[`MorePage renders correctly 1`] = `ShallowWrapper {}`;
