// Jest Snapshot v1, https://goo.gl/fbAQLP

exports[`NoteDetailModal renders without crashing 1`] = `ShallowWrapper {}`;
